// Jest Snapshot v1, https://goo.gl/fbAQLP

exports[`<LogoLink /> should match snapshot 1`] = `
<h1
  class="sc-gswNZR cEMDTL"
>
  <a
    class="sc-bcXHqe iSYqql"
    href="#target"
  >
    <img
      alt="OlÃ¡ mundo"
      src="image.jpg"
    />
  </a>
</h1>
`;
